// Jest Snapshot v1, https://goo.gl/fbAQLP

exports[`ClassComponent.test.js has the expected html structure 1`] = `
<div
  class="class-component"
>
  Hello world!
</div>
`;
