// Jest Snapshot v1, https://goo.gl/fbAQLP

exports[`RegularComponent.test.js has the expected html structure 1`] = `
<div
  class="regular-component"
>
  Hello world!
</div>
`;
